TRACE:GET32(0x20200008)=0x0
TRACE:PUT32(0x20200008)=0x1
