TRACE:GET32(0x20200008)=0x0
TRACE:PUT32(0x20200008)=0x1
TRACE:GET32(0x20200008)=0x1
TRACE:PUT32(0x20200008)=0x9
TRACE:GET32(0x20200008)=0x9
TRACE:PUT32(0x20200008)=0x49
TRACE:GET32(0x20200008)=0x49
TRACE:PUT32(0x20200008)=0x249
TRACE:GET32(0x20200008)=0x249
TRACE:PUT32(0x20200008)=0x1249
TRACE:GET32(0x20200008)=0x1249
TRACE:PUT32(0x20200008)=0x9249
TRACE:GET32(0x20200008)=0x9249
TRACE:PUT32(0x20200008)=0x49249
