TRACE:GET32(0x20200008)=0x0
TRACE:PUT32(0x20200008)=0x1
TRACE:GET32(0x20200008)=0x1
TRACE:PUT32(0x20200008)=0x9
TRACE:PUT32(0x2020001c)=0x100000
TRACE:PUT32(0x20200028)=0x200000
TRACE:PUT32(0x20200028)=0x100000
TRACE:PUT32(0x2020001c)=0x200000
TRACE:PUT32(0x2020001c)=0x100000
TRACE:PUT32(0x20200028)=0x200000
TRACE:PUT32(0x20200028)=0x100000
TRACE:PUT32(0x2020001c)=0x200000
TRACE:PUT32(0x2020001c)=0x100000
TRACE:PUT32(0x20200028)=0x200000
TRACE:PUT32(0x20200028)=0x100000
TRACE:PUT32(0x2020001c)=0x200000
TRACE:PUT32(0x2020001c)=0x100000
TRACE:PUT32(0x20200028)=0x200000
TRACE:PUT32(0x20200028)=0x100000
TRACE:PUT32(0x2020001c)=0x200000
TRACE:PUT32(0x2020001c)=0x100000
TRACE:PUT32(0x20200028)=0x200000
TRACE:PUT32(0x20200028)=0x100000
TRACE:PUT32(0x2020001c)=0x200000
TRACE:PUT32(0x2020001c)=0x100000
TRACE:PUT32(0x20200028)=0x200000
TRACE:PUT32(0x20200028)=0x100000
TRACE:PUT32(0x2020001c)=0x200000
TRACE:PUT32(0x2020001c)=0x100000
TRACE:PUT32(0x20200028)=0x200000
TRACE:PUT32(0x20200028)=0x100000
TRACE:PUT32(0x2020001c)=0x200000
TRACE:PUT32(0x2020001c)=0x100000
TRACE:PUT32(0x20200028)=0x200000
TRACE:PUT32(0x20200028)=0x100000
TRACE:PUT32(0x2020001c)=0x200000
TRACE:PUT32(0x2020001c)=0x100000
TRACE:PUT32(0x20200028)=0x200000
TRACE:PUT32(0x20200028)=0x100000
TRACE:PUT32(0x2020001c)=0x200000
TRACE:PUT32(0x2020001c)=0x100000
TRACE:PUT32(0x20200028)=0x200000
TRACE:PUT32(0x20200028)=0x100000
TRACE:PUT32(0x2020001c)=0x200000
