TRACE:GET32:20200000:327b23c6
TRACE:2 calls to random
