TRACE:PUT32:20200000:0
TRACE:GET32:20200000:0
TRACE:PUT32:20200000:0
TRACE:PUT32:20200000:1
TRACE:GET32:20200000:1
TRACE:PUT32:20200004:1
TRACE:1 calls to random
