TRACE:GET32:20200008:327b23c6
TRACE:PUT32:20200008:327b23c1
TRACE:PUT32:2020001c:100000
TRACE:PUT32:20200028:100000
TRACE:PUT32:2020001c:100000
TRACE:PUT32:20200028:100000
TRACE:PUT32:2020001c:100000
TRACE:PUT32:20200028:100000
TRACE:PUT32:2020001c:100000
TRACE:PUT32:20200028:100000
TRACE:PUT32:2020001c:100000
TRACE:PUT32:20200028:100000
TRACE:PUT32:2020001c:100000
TRACE:PUT32:20200028:100000
TRACE:PUT32:2020001c:100000
TRACE:PUT32:20200028:100000
TRACE:PUT32:2020001c:100000
TRACE:PUT32:20200028:100000
TRACE:PUT32:2020001c:100000
TRACE:PUT32:20200028:100000
TRACE:PUT32:2020001c:100000
TRACE:PUT32:20200028:100000
TRACE:2 calls to random
