TRACE:GET32:20200008:327b23c6
TRACE:PUT32:20200008:327b23c0
TRACE:2 calls to random
