TRACE:PUT32:2020001c:100000
TRACE:1 calls to random
