TRACE:PUT32:20200028:100000
TRACE:1 calls to random
