TRACE:GET32:20200008:327b23c6
TRACE:PUT32:20200008:327b23c1
TRACE:2 calls to random
