TRACE:PUT32:327b23c6:66334873
TRACE:PUT32:74b0dc51:2ae8944a
TRACE:PUT32:625558ec:46e87ccd
TRACE:PUT32:3d1b58ba:2eb141f2
TRACE:PUT32:41b71efb:7545e146
TRACE:GET32:515f007c:12200854
TRACE:PUT32:4db127f8:1f16e9e8
TRACE:PUT32:1190cde7:140e0f76
TRACE:GET32:3352255a:ded7263
TRACE:PUT32:7fdcc233:41a7c4c9
TRACE:GET32:6b68079a:25e45d32
TRACE:PUT32:519b500d:3f2dba31
TRACE:PUT32:7c83e458:62bbd95a
TRACE:PUT32:436c6125:333ab105
TRACE:GET32:721da317:2d1d5ae9
TRACE:GET32:6763845e:8edbdab
TRACE:PUT32:79838cb2:b03e0c6
TRACE:GET32:189a769b:71f32454
TRACE:GET32:2ca88611:2901d82
TRACE:PUT32:3a95f874:1e7ff521
TRACE:GET32:7c3dbd3d:6ceaf087
TRACE:PUT32:22221a70:3006c83e
TRACE:PUT32:614fd4a1:5577f8e1
TRACE:PUT32:440badfc:3804823e
TRACE:GET32:77465f01:5c482a97
TRACE:GET32:2463b9ea:51ead36b
TRACE:PUT32:2d517796:153ea438
TRACE:GET32:3855585c:6a2342ec
TRACE:PUT32:2a487cb0:725a06fb
TRACE:PUT32:2cd89a32:7a6d8d3c
TRACE:GET32:4b588f54:6de91b18
TRACE:GET32:38437fdb:32fff902
TRACE:GET32:684a481a:749abb43
TRACE:GET32:3dc240fb:79a1deaa
TRACE:PUT32:75c6c33a:70c6a529
TRACE:GET32:520eedd1:4f4ef005
TRACE:GET32:23f9c13c:275ac794
TRACE:GET32:39386575:180115be
TRACE:PUT32:235ba861:354fe9f9
TRACE:PUT32:15b5af5c:d34b6a8
TRACE:PUT32:10233c99:61574095
TRACE:PUT32:7e0c57b1:579be4f1
TRACE:PUT32:310c50b3:2f305def
TRACE:GET32:25a70bf7:4ad084e9
TRACE:GET32:1f48eaa1:5db70ae5
TRACE:PUT32:100f8fca:15014acb
TRACE:GET32:5f5e7fd0:799d0247
TRACE:PUT32:6b94764:168e121f
TRACE:GET32:1eba5d23:5dc79ea8
TRACE:PUT32:540a471c:51d9c564
TRACE:GET32:613efdc5:11447b73
TRACE:PUT32:42963e5a:8f2b15e
TRACE:PUT32:1a32234b:68eb2f63
TRACE:GET32:4962813b:6a5ee64
TRACE:PUT32:14330624:1a27709e
TRACE:GET32:71ea1109:7fb7e0aa
TRACE:GET32:6eb5bd4:94211f2
TRACE:GET32:885e1b:4c04a8af
TRACE:PUT32:1716703b:3222e7cd
TRACE:GET32:74de0ee3:2df6d648
TRACE:PUT32:46b7d447:39ee015c
TRACE:PUT32:57fc4fbb:43f18422
TRACE:GET32:60ef0119:7f01579b
TRACE:PUT32:49da307d:5fb8370b
TRACE:GET32:50801ee1:5fb8011c
TRACE:PUT32:6aa78f7f:6fc75af8
TRACE:GET32:6a5f7029:5f3534a4
TRACE:PUT32:73a1821b:555c55b5
TRACE:GET32:3fa62aca:6a3dd3e8
TRACE:GET32:71c91298:53299938
TRACE:PUT32:1fbfe8e0:1d545c4d
TRACE:GET32:59adea3d:2a155dbc
TRACE:GET32:1d9f6e5f:51088277
TRACE:PUT32:1ca0c5fa:415e286c
TRACE:GET32:7c58fd05:45e6d486
TRACE:PUT32:5c10fe21:3c5991aa
TRACE:PUT32:4bd8591a:39b7aaa2
TRACE:GET32:2b0d8dbe:379e21b5
TRACE:PUT32:69e373:4c9b0904
TRACE:PUT32:6aa7b75c:5675ff36
TRACE:PUT32:3dd15094:2708c9af
TRACE:GET32:5b25ace2:4f97e3e4
TRACE:PUT32:53b0a9e:5915ff32
TRACE:PUT32:56438d15:2c6e4afd
TRACE:GET32:17a1b582:5046b5a9
TRACE:GET32:5d888a08:5ec6afd4
TRACE:GET32:19e21bb2:57a61a29
TRACE:GET32:5399c654:4427069a
TRACE:GET32:b37e80a:704e1dd5
TRACE:GET32:57d2f10e:e3e47a8
TRACE:GET32:2e48f044:4bee5a5b
TRACE:GET32:5551b9f3:634c574c
TRACE:PUT32:24e99dd7:1849c29b
TRACE:GET32:7dff9d09:69e7f3e5
TRACE:GET32:2a6de806:37df2233
TRACE:PUT32:7ab49daf:61e74ea3
TRACE:PUT32:597b4d84:57c7d42d
TRACE:GET32:312167ad:78b5e776
TRACE:GET32:75486e47:1a0dde32
TRACE:GET32:65968c1c:260d8c4a
TRACE:GET32:73d4d3c4:6fde8af6
TRACE:PUT32:3fc32e20:14d53685
TRACE:PUT32:230f856c:3f06ecb2
TRACE:GET32:3b594807:3f7c2ff4
TRACE:PUT32:25413bec:579328b9
TRACE:GET32:5d205e20:4d32ab86
TRACE:GET32:3f07acc3:5cb44a05
TRACE:GET32:16cf80f1:3fcfaed9
TRACE:PUT32:f856867:2e22fbb7
TRACE:GET32:29934699:744939a3
TRACE:GET32:4fa0d2e3:68b867d3
TRACE:GET32:3f7f5dd9:32794ff7
TRACE:GET32:5454945e:2123d5f2
TRACE:GET32:135b8110:dcdf8f6
TRACE:GET32:52d7b105:24e60401
TRACE:GET32:2a6ad9be:36b2acbc
TRACE:GET32:779d8544:21faa2fa
TRACE:PUT32:5451cf49:3e6400e6
TRACE:GET32:14217e23:5015cd1a
TRACE:PUT32:424479da:475e256a
TRACE:GET32:368db37e:327b517e
TRACE:PUT32:1f461b51:5d5babb3
TRACE:GET32:51bf6b48:2b4b8b53
TRACE:GET32:72e3413a:3494b2fb
TRACE:PUT32:b13a31:631f1690
TRACE:PUT32:25973e32:6ec9d844
TRACE:PUT32:5c49eaee:397c46bc
TRACE:PUT32:7e448de9:1afe3625
TRACE:GET32:327b23c6:66334873
TRACE:GET32:74b0dc51:2ae8944a
TRACE:GET32:625558ec:46e87ccd
TRACE:GET32:3d1b58ba:2eb141f2
TRACE:GET32:41b71efb:7545e146
TRACE:GET32:515f007c:12200854
TRACE:GET32:4db127f8:1f16e9e8
TRACE:GET32:1190cde7:140e0f76
TRACE:GET32:3352255a:ded7263
TRACE:GET32:7fdcc233:41a7c4c9
TRACE:GET32:6b68079a:25e45d32
TRACE:GET32:519b500d:3f2dba31
TRACE:GET32:7c83e458:62bbd95a
TRACE:GET32:436c6125:333ab105
TRACE:GET32:721da317:2d1d5ae9
TRACE:GET32:6763845e:8edbdab
TRACE:GET32:79838cb2:b03e0c6
TRACE:GET32:189a769b:71f32454
TRACE:GET32:2ca88611:2901d82
TRACE:GET32:3a95f874:1e7ff521
TRACE:GET32:7c3dbd3d:6ceaf087
TRACE:GET32:22221a70:3006c83e
TRACE:GET32:614fd4a1:5577f8e1
TRACE:GET32:440badfc:3804823e
TRACE:GET32:77465f01:5c482a97
TRACE:GET32:2463b9ea:51ead36b
TRACE:GET32:2d517796:153ea438
TRACE:GET32:3855585c:6a2342ec
TRACE:GET32:2a487cb0:725a06fb
TRACE:GET32:2cd89a32:7a6d8d3c
TRACE:GET32:4b588f54:6de91b18
TRACE:GET32:38437fdb:32fff902
TRACE:GET32:684a481a:749abb43
TRACE:GET32:3dc240fb:79a1deaa
TRACE:GET32:75c6c33a:70c6a529
TRACE:GET32:520eedd1:4f4ef005
TRACE:GET32:23f9c13c:275ac794
TRACE:GET32:39386575:180115be
TRACE:GET32:235ba861:354fe9f9
TRACE:GET32:15b5af5c:d34b6a8
TRACE:GET32:10233c99:61574095
TRACE:GET32:7e0c57b1:579be4f1
TRACE:GET32:310c50b3:2f305def
TRACE:GET32:25a70bf7:4ad084e9
TRACE:GET32:1f48eaa1:5db70ae5
TRACE:GET32:100f8fca:15014acb
TRACE:GET32:5f5e7fd0:799d0247
TRACE:GET32:6b94764:168e121f
TRACE:GET32:1eba5d23:5dc79ea8
TRACE:GET32:540a471c:51d9c564
TRACE:GET32:613efdc5:11447b73
TRACE:GET32:42963e5a:8f2b15e
TRACE:GET32:1a32234b:68eb2f63
TRACE:GET32:4962813b:6a5ee64
TRACE:GET32:14330624:1a27709e
TRACE:GET32:71ea1109:7fb7e0aa
TRACE:GET32:6eb5bd4:94211f2
TRACE:GET32:885e1b:4c04a8af
TRACE:GET32:1716703b:3222e7cd
TRACE:GET32:74de0ee3:2df6d648
TRACE:GET32:46b7d447:39ee015c
TRACE:GET32:57fc4fbb:43f18422
TRACE:GET32:60ef0119:7f01579b
TRACE:GET32:49da307d:5fb8370b
TRACE:GET32:50801ee1:5fb8011c
TRACE:GET32:6aa78f7f:6fc75af8
TRACE:GET32:6a5f7029:5f3534a4
TRACE:GET32:73a1821b:555c55b5
TRACE:GET32:3fa62aca:6a3dd3e8
TRACE:GET32:71c91298:53299938
TRACE:GET32:1fbfe8e0:1d545c4d
TRACE:GET32:59adea3d:2a155dbc
TRACE:GET32:1d9f6e5f:51088277
TRACE:GET32:1ca0c5fa:415e286c
TRACE:GET32:7c58fd05:45e6d486
TRACE:GET32:5c10fe21:3c5991aa
TRACE:GET32:4bd8591a:39b7aaa2
TRACE:GET32:2b0d8dbe:379e21b5
TRACE:GET32:69e373:4c9b0904
TRACE:GET32:6aa7b75c:5675ff36
TRACE:GET32:3dd15094:2708c9af
TRACE:GET32:5b25ace2:4f97e3e4
TRACE:GET32:53b0a9e:5915ff32
TRACE:GET32:56438d15:2c6e4afd
TRACE:GET32:17a1b582:5046b5a9
TRACE:GET32:5d888a08:5ec6afd4
TRACE:GET32:19e21bb2:57a61a29
TRACE:GET32:5399c654:4427069a
TRACE:GET32:b37e80a:704e1dd5
TRACE:GET32:57d2f10e:e3e47a8
TRACE:GET32:2e48f044:4bee5a5b
TRACE:GET32:5551b9f3:634c574c
TRACE:GET32:24e99dd7:1849c29b
TRACE:GET32:7dff9d09:69e7f3e5
TRACE:GET32:2a6de806:37df2233
TRACE:GET32:7ab49daf:61e74ea3
TRACE:GET32:597b4d84:57c7d42d
TRACE:GET32:312167ad:78b5e776
TRACE:GET32:75486e47:1a0dde32
TRACE:GET32:65968c1c:260d8c4a
TRACE:GET32:73d4d3c4:6fde8af6
TRACE:GET32:3fc32e20:14d53685
TRACE:GET32:230f856c:3f06ecb2
TRACE:GET32:3b594807:3f7c2ff4
TRACE:GET32:25413bec:579328b9
TRACE:GET32:5d205e20:4d32ab86
TRACE:GET32:3f07acc3:5cb44a05
TRACE:GET32:16cf80f1:3fcfaed9
TRACE:GET32:f856867:2e22fbb7
TRACE:GET32:29934699:744939a3
TRACE:GET32:4fa0d2e3:68b867d3
TRACE:GET32:3f7f5dd9:32794ff7
TRACE:GET32:5454945e:2123d5f2
TRACE:GET32:135b8110:dcdf8f6
TRACE:GET32:52d7b105:24e60401
TRACE:GET32:2a6ad9be:36b2acbc
TRACE:GET32:779d8544:21faa2fa
TRACE:GET32:5451cf49:3e6400e6
TRACE:GET32:14217e23:5015cd1a
TRACE:GET32:424479da:475e256a
TRACE:GET32:368db37e:327b517e
TRACE:GET32:1f461b51:5d5babb3
TRACE:GET32:51bf6b48:2b4b8b53
TRACE:GET32:72e3413a:3494b2fb
TRACE:GET32:b13a31:631f1690
TRACE:GET32:25973e32:6ec9d844
TRACE:GET32:5c49eaee:397c46bc
TRACE:GET32:7e448de9:1afe3625
