TRACE:PUT32:20200028:100000
TRACE:done: called random 1 times
